// Jest Snapshot v1, https://goo.gl/fbAQLP

exports[`PageNotFound should take a snapshot 1`] = `
<DocumentFragment>
  <div
    class="PageNotFound"
  >
    <h2>
      404 Not Found
    </h2>
  </div>
</DocumentFragment>
`;
