// Jest Snapshot v1, https://goo.gl/fbAQLP

exports[`Loader should render Loading component with Loading message 1`] = `
<DocumentFragment>
  <div
    class="Loader"
  >
    <span
      class="Loader-Span"
      style="animation-delay: 0s;"
    >
      L
    </span>
    <span
      class="Loader-Span"
      style="animation-delay: 0.1s;"
    >
      o
    </span>
    <span
      class="Loader-Span"
      style="animation-delay: 0.2s;"
    >
      a
    </span>
    <span
      class="Loader-Span"
      style="animation-delay: 0.3s;"
    >
      d
    </span>
    <span
      class="Loader-Span"
      style="animation-delay: 0.4s;"
    >
      i
    </span>
    <span
      class="Loader-Span"
      style="animation-delay: 0.5s;"
    >
      n
    </span>
    <span
      class="Loader-Span"
      style="animation-delay: 0.6s;"
    >
      g
    </span>
    <span
      class="Loader-Span"
      style="animation-delay: 0.7s;"
    >
      .
    </span>
    <span
      class="Loader-Span"
      style="animation-delay: 0.8s;"
    >
      .
    </span>
    <span
      class="Loader-Span"
      style="animation-delay: 0.9s;"
    >
      .
    </span>
  </div>
</DocumentFragment>
`;
